[ajax.googleapis.com/ajax/libs/jquery/1.12.4/jquery.min.js]
[backblue.gif]
[fade.gif]
[index.html]
[elmirapump.com/index.php/comments/feed/index.html]
[elmirapump.com/index.php/feed/index.html]
[elmirapump.com/wp-includes/js/jquery/jqueryb8ff.js]
[elmirapump.com/wp-includes/js/jquery/jquery-migrate.min330a.js]
[elmirapump.com/wp-content/plugins/revslider/rs-plugin/js/jquery.themepunch.tools.minb6ff.js]
[elmirapump.com/wp-content/plugins/revslider/rs-plugin/js/jquery.themepunch.revolution.minb6ff.js]
[elmirapump.com/wp-content/uploads/2014/10/cropped-Full-Assembly-1-55x55-32x32.jpg]
[elmirapump.com/wp-content/uploads/2014/10/cropped-Full-Assembly-1-55x55-192x192.jpg]
[elmirapump.com/wp-content/uploads/2014/10/cropped-Full-Assembly-1-55x55-180x180.jpg]
[www.google-analytics.com/analytics.js]
[elmirapump.com/wp-content/uploads/2016/08/down-arrow.png]
[elmirapump.com/wp-content/uploads/2016/08/Reflective-Mountain.jpg]
[elmirapump.com/wp-content/uploads/2016/08/filterpress.png]
[elmirapump.com/wp-content/uploads/2016/08/working-background.jpg]
[elmirapump.com/wp-content/uploads/2014/11/HEpumpad1.png]
[elmirapump.com/wp-content/uploads/2014/11/Sealad-701x292.jpg]
[elmirapump.com/wp-content/uploads/2016/08/Mechinal-seals.png]
[elmirapump.com/wp-content/uploads/2016/08/surface-ocean.jpg]
[elmirapump.com/wp-content/uploads/2016/08/Flow-Meter-Z-5050-min.png]
[elmirapump.com/wp-content/plugins/contact-form-7/includes/js/jquery.form.mind03d.js]
[elmirapump.com/wp-content/plugins/contact-form-7/includes/js/scripts1c9b.js]
[elmirapump.com/wp-content/plugins/woocommerce/assets/js/frontend/add-to-cart.min8dc7.js]
[elmirapump.com/wp-content/plugins/woocommerce/assets/js/jquery-blockui/jquery.blockUI.min44fd.js]
[elmirapump.com/wp-content/plugins/woocommerce/assets/js/frontend/woocommerce.min8dc7.js]
[elmirapump.com/wp-content/plugins/woocommerce/assets/js/jquery-cookie/jquery.cookie.min330a.js]
[elmirapump.com/wp-content/plugins/woocommerce/assets/js/frontend/cart-fragments.min8dc7.js]
[elmirapump.com/wp-content/themes/JointsWP-CSS-master/vendor/what-input/what-input.mine100.js]
[elmirapump.com/wp-content/themes/JointsWP-CSS-master/vendor/foundation-sites/dist/foundation.minf049.js]
[elmirapump.com/wp-content/themes/JointsWP-CSS-master/assets/js/scriptse100.js]
[elmirapump.com/wp-includes/js/wp-embed.mine100.js]
[elmirapump.com/index.html]
[elmirapump.com/xmlrpc.html]
[elmirapump.com/wp-content/uploads/2016/06/elmira-pump-background.png]
[elmirapump.com/wp-content/uploads/2016/08/deep-sea.jpg]
[elmirapump.com/wp-content/themes/JointsWP-CSS-master/assets/images/Cloud.png]
[elmirapump.com/wp-content/themes/JointsWP-CSS-master/assets/images/Lock.png]
[elmirapump.com/wp-content/themes/JointsWP-CSS-master/assets/images/Thumb_Up.png]
[elmirapump.com/wp-content/themes/JointsWP-CSS-master/assets/images/Blank-Man.jpg]
[elmirapump.com/wp-content/uploads/2016/08/ef-pump-thumbnail.jpg]
[elmirapump.com/wp-content/uploads/2016/08/Champion-Pump.jpg]
[elmirapump.com/wp-content/uploads/2016/08/filter-press.jpg]
[elmirapump.com/wp-content/uploads/2016/08/Bell-Filter-Front.jpg]
[elmirapump.com/wp-content/uploads/2016/08/10galRo.jpg]
[elmirapump.com/wp-content/uploads/2016/08/background.png]
[elmirapump.com/wp-content/uploads/2016/08/deep-sea-moblie.jpg]
[elmirapump.com/wp-content/themes/JointsWP-CSS-master/style.css]
[elmirapump.com/wp-content/plugins/contact-form-7/images/ajax-loader.gif]
[elmirapump.com/wp-content/plugins/contact-form-7/includes/css/styles1c9b.css]
[elmirapump.com/wp-content/plugins/revslider/rs-plugin/font/revicons90c6.eot]
[elmirapump.com/wp-content/plugins/revslider/rs-plugin/font/revicons90c6.woff]
[elmirapump.com/wp-content/plugins/revslider/rs-plugin/font/revicons90c6.ttf]
[elmirapump.com/wp-content/plugins/revslider/rs-plugin/assets/gridtile.png]
[elmirapump.com/wp-content/plugins/revslider/rs-plugin/assets/gridtile_white.png]
[elmirapump.com/wp-content/plugins/revslider/rs-plugin/assets/gridtile_3x3.png]
[elmirapump.com/wp-content/plugins/revslider/rs-plugin/assets/gridtile_3x3_white.png]
[elmirapump.com/wp-content/plugins/revslider/rs-plugin/assets/shadow1.png]
[elmirapump.com/wp-content/plugins/revslider/rs-plugin/assets/shadow2.png]
[elmirapump.com/wp-content/plugins/revslider/rs-plugin/assets/shadow3.png]
[elmirapump.com/wp-content/plugins/revslider/rs-plugin/images/gradient/g30.png]
[elmirapump.com/wp-content/plugins/revslider/rs-plugin/images/gradient/g40.png]
[elmirapump.com/wp-content/plugins/revslider/rs-plugin/assets/boxed_bgtile.png]
[elmirapump.com/wp-content/plugins/revslider/rs-plugin/assets/navigdots_bgtile.png]
[elmirapump.com/wp-content/plugins/revslider/rs-plugin/assets/bullet.png]
[elmirapump.com/wp-content/plugins/revslider/rs-plugin/assets/bullets.png]
[elmirapump.com/wp-content/plugins/revslider/rs-plugin/assets/bullets2.png]
[elmirapump.com/wp-content/plugins/revslider/rs-plugin/assets/bullet_boxed.png]
[elmirapump.com/wp-content/plugins/revslider/rs-plugin/assets/navigdots.png]
[elmirapump.com/wp-content/plugins/revslider/rs-plugin/assets/large_left.png]
[elmirapump.com/wp-content/plugins/revslider/rs-plugin/assets/large_right.png]
[elmirapump.com/wp-content/plugins/revslider/rs-plugin/assets/small_left.png]
[elmirapump.com/wp-content/plugins/revslider/rs-plugin/assets/small_right.png]
[elmirapump.com/wp-content/plugins/revslider/rs-plugin/assets/arrow_left.png]
[elmirapump.com/wp-content/plugins/revslider/rs-plugin/assets/arrow_right.png]
[elmirapump.com/wp-content/plugins/revslider/rs-plugin/assets/small_left_boxed.png]
[elmirapump.com/wp-content/plugins/revslider/rs-plugin/assets/small_right_boxed.png]
[elmirapump.com/wp-content/plugins/revslider/rs-plugin/assets/arrowleft.png]
[elmirapump.com/wp-content/plugins/revslider/rs-plugin/assets/arrowright.png]
[elmirapump.com/wp-content/plugins/revslider/rs-plugin/assets/arrow_left2.png]
[elmirapump.com/wp-content/plugins/revslider/rs-plugin/assets/arrow_right2.png]
[elmirapump.com/wp-content/plugins/revslider/rs-plugin/assets/coloredbg.png]
[elmirapump.com/wp-content/plugins/revslider/rs-plugin/assets/loader.gif]
[elmirapump.com/wp-content/plugins/revslider/rs-plugin/css/settingsb6ff.css]
[elmirapump.com/wp-content/plugins/woocommerce/assets/css/woocommerce-layout8dc7.css]
[elmirapump.com/wp-content/plugins/woocommerce/assets/css/woocommerce-smallscreen8dc7.css]
[elmirapump.com/wp-content/plugins/woocommerce/assets/fonts/star.eot]
[elmirapump.com/wp-content/plugins/woocommerce/assets/fonts/stard41d.eot]
[elmirapump.com/wp-content/plugins/woocommerce/assets/fonts/star.woff]
[elmirapump.com/wp-content/plugins/woocommerce/assets/fonts/star.ttf]
[elmirapump.com/wp-content/plugins/woocommerce/assets/fonts/WooCommerce.eot]
[elmirapump.com/wp-content/plugins/woocommerce/assets/fonts/WooCommerced41d.eot]
[elmirapump.com/wp-content/plugins/woocommerce/assets/fonts/WooCommerce.woff]
[elmirapump.com/wp-content/plugins/woocommerce/assets/fonts/WooCommerce.ttf]
[elmirapump.com/wp-content/plugins/woocommerce/assets/css/woocommerce8dc7.css]
[elmirapump.com/wp-content/plugins/woocommerce-composite-products/assets/css/wc-composite-styles1ed5.css]
[elmirapump.com/wp-content/plugins/elegantbuilder/images/note-left-bg.png]
[elmirapump.com/wp-content/plugins/elegantbuilder/images/note-inner-bg.png]
[elmirapump.com/wp-content/plugins/elegantbuilder/images/note-bottom-left.png]
[elmirapump.com/wp-content/plugins/elegantbuilder/images/note-bottom-right.png]
[elmirapump.com/wp-content/plugins/elegantbuilder/images/note-bottom-center.png]
[elmirapump.com/wp-content/plugins/elegantbuilder/images/note-video-bg.png]
[elmirapump.com/wp-content/plugins/elegantbuilder/images/video-bottom-left.png]
[elmirapump.com/wp-content/plugins/elegantbuilder/images/video-bottom-right.png]
[elmirapump.com/wp-content/plugins/elegantbuilder/images/video-bottom-center.png]
[elmirapump.com/wp-content/plugins/elegantbuilder/images/pattern.png]
[elmirapump.com/wp-content/plugins/elegantbuilder/images/testimonial-bottom.png]
[elmirapump.com/wp-content/plugins/elegantbuilder/images/testimonial-overlay.png]
[elmirapump.com/wp-content/plugins/elegantbuilder/images/toggle_title.png]
[elmirapump.com/wp-content/plugins/elegantbuilder/images/left-quote.png]
[elmirapump.com/wp-content/plugins/elegantbuilder/images/right-quote.png]
[elmirapump.com/wp-content/plugins/elegantbuilder/images/simple_slider_left.png]
[elmirapump.com/wp-content/plugins/elegantbuilder/images/simple_slider_right.png]
[elmirapump.com/wp-content/plugins/elegantbuilder/images/pricing_heading_bg.png]
[elmirapump.com/wp-content/plugins/elegantbuilder/images/old_price_bg.png]
[elmirapump.com/wp-content/plugins/elegantbuilder/images/box_pattern.png]
[elmirapump.com/wp-content/plugins/elegantbuilder/images/box_green_title.png]
[elmirapump.com/wp-content/plugins/elegantbuilder/images/box_blue_title.png]
[elmirapump.com/wp-content/plugins/elegantbuilder/images/box_red_title.png]
[elmirapump.com/wp-content/plugins/elegantbuilder/images/button_pattern.png]
[elmirapump.com/wp-content/plugins/elegantbuilder/images/horizontal_bar.png]
[elmirapump.com/wp-content/plugins/elegantbuilder/images/et_lb_list_checkmark.png]
[elmirapump.com/wp-content/plugins/elegantbuilder/images/et_lb_list_arrow.png]
[elmirapump.com/wp-content/plugins/elegantbuilder/images/et_lb_list_x.png]
[elmirapump.com/wp-content/plugins/elegantbuilder/images/et_lb_zoom_icon.png]
[elmirapump.com/wp-content/plugins/elegantbuilder/images/slider-panel.png]
[elmirapump.com/wp-content/plugins/elegantbuilder/images/main_sprite.png]
[elmirapump.com/wp-content/plugins/elegantbuilder/style7793.css]
[elmirapump.com/wp-content/plugins/elegantbuilder/images/slider-right-panel.png]
[elmirapump.com/wp-content/plugins/et-shortcodes/images/shortcodes-sprite.png]
[elmirapump.com/wp-content/plugins/et-shortcodes/css/shortcodes6aec.css]
[elmirapump.com/wp-content/plugins/et-shortcodes/css/shortcodes_responsive6aec.css]
[elmirapump.com/wp-content/themes/JointsWP-CSS-master/vendor/motion-ui/dist/motion-ui.mine100.css]
[elmirapump.com/wp-content/themes/JointsWP-CSS-master/vendor/foundation-sites/dist/foundation.mine100.css]
[elmirapump.com/wp-content/themes/JointsWP-CSS-master/assets/css/stylee100.css]
[elmirapump.com/index.php/wp-json/index.html]
[elmirapump.com/index.php/wp-json/oembed/1.0/embed80bb.json]
[elmirapump.com/index.php/wp-json/oembed/1.0/embed61c8]
[elmirapump.com/index.php/about-us/index.html]
[elmirapump.com/wp-content/uploads/2017/02/profile-placeholder-300x300.jpg]
[elmirapump.com/index.php/wp-json/oembed/1.0/embed4464.json]
[elmirapump.com/index.php/sample-page/feed/index.html]
[elmirapump.com/index.php/wp-json/oembed/1.0/embed6368]
[elmirapump.com/wp-content/uploads/2014/11/MG_1979-300x200-150x150.jpg]
[elmirapump.com/wp-includes/js/comment-reply.mine100.js]
[elmirapump.com/index.php/sample-page/index.html]
[elmirapump.com/index.php/wp-json/oembed/1.0/embede65c.json]
[elmirapump.com/index.php/wp-json/oembed/1.0/embed1adf]
[elmirapump.com/wp-content/uploads/2014/11/MG_1979-300x200.jpg]
[elmirapump.com/wp-content/uploads/2014/12/MG_9202.jpg]
[elmirapump.com/wp-content/uploads/2014/12/Full-Assembly.png]
[elmirapump.com/wp-content/uploads/2016/06/Flow-Meter-Z-5065.jpg]
[elmirapump.com/wp-content/uploads/2016/06/Flow-Meter-Z-300KT4.jpg]
[elmirapump.com/wp-content/uploads/2016/06/Flow-Meter-Z-4008.jpg]
[elmirapump.com/wp-content/uploads/2016/06/T2100.png]
[elmirapump.com/wp-content/uploads/2016/06/T1.png]
[elmirapump.com/wp-content/uploads/2016/06/GLS-3.png]
[elmirapump.com/wp-content/uploads/2016/06/686.png]
[elmirapump.com/wp-content/uploads/2016/06/HJ92N.png]
[elmirapump.com/wp-content/uploads/2016/06/59B.png]
[elmirapump.com/wp-content/uploads/2014/12/pumpfront.png]
[elmirapump.com/wp-content/plugins/woocommerce/assets/images/placeholder.png]
[elmirapump.com/wp-content/uploads/2014/10/cropped-Full-Assembly-1-55x55.jpg]
[elmirapump.com/wp-content/plugins/woocommerce/assets/js/prettyPhoto/jquery.prettyPhoto.min005e.js]
[elmirapump.com/wp-content/plugins/woocommerce/assets/js/prettyPhoto/jquery.prettyPhoto.init.min8dc7.js]
[elmirapump.com/wp-content/plugins/woocommerce/assets/js/frontend/single-product.min8dc7.js]
[elmirapump.com/wp-content/plugins/xo10-woocommerce-categories-widget/includes/decorators/assets/accordion.mine100.js]
[elmirapump.com/index.php/product/centrifugal-pump/index.html]
[elmirapump.com/wp-content/uploads/2016/06/1527-150x150.png]
[elmirapump.com/wp-content/uploads/2016/06/155-150x150.png]
[elmirapump.com/wp-content/uploads/2016/06/301-150x150.png]
[elmirapump.com/wp-content/uploads/2016/06/560A-150x150.png]
[elmirapump.com/index.php/shop/feed/index.html]
[elmirapump.com/wp-content/uploads/2016/06/59B-150x150.png]
[elmirapump.com/wp-content/uploads/2016/06/59U-150x150.png]
[elmirapump.com/wp-content/uploads/2016/06/685-150x150.png]
[elmirapump.com/wp-content/uploads/2016/06/686-150x150.png]
[elmirapump.com/wp-content/uploads/2016/06/687-150x150.png]
[elmirapump.com/wp-content/uploads/2016/06/688-150x150.png]
[elmirapump.com/wp-content/uploads/2016/06/8-1-150x150.png]
[elmirapump.com/wp-content/uploads/2016/06/8-1T-150x150.png]
[elmirapump.com/index.php/shop/index.html]
[elmirapump.com/index.php/wp-json/oembed/1.0/embedfd1b.json]
[elmirapump.com/index.php/wp-json/oembed/1.0/embedf46b]
[elmirapump.com/wp-content/plugins/woocommerce/assets/js/frontend/country-select.min8dc7.js]
[elmirapump.com/wp-content/plugins/woocommerce/assets/js/frontend/address-i18n.min8dc7.js]
[elmirapump.com/wp-content/plugins/woocommerce/assets/js/frontend/cart.min8dc7.js]
[elmirapump.com/index.php/cart/feed/index.html]
[elmirapump.com/index.php/cart/index.html]
[elmirapump.com/index.php/checkout/index.html]
[elmirapump.com/wp-includes/js/zxcvbn-async.min5152.js]
[elmirapump.com/index.php/my-account/feed/index.html]
[elmirapump.com/index.php/wp-json/oembed/1.0/embedce57.json]
[elmirapump.com/index.php/wp-json/oembed/1.0/embed7b0c]
[elmirapump.com/wp-content/plugins/woocommerce/assets/js/select2/select2.mine248.js]
[elmirapump.com/wp-admin/js/password-strength-meter.mine100.js]
[elmirapump.com/wp-content/plugins/woocommerce/assets/js/frontend/password-strength-meter.min8dc7.js]
[elmirapump.com/index.php/my-account/index.html]
[elmirapump.com/index.php/wp-json/oembed/1.0/embed72ba.json]
[elmirapump.com/index.php/wp-json/oembed/1.0/embed28d2]
[elmirapump.com/index.php/contact/index.html]
[elmirapump.com/index.php/wp-json/oembed/1.0/embedd97b.json]
[elmirapump.com/index.php/ef-centrifugal-pumps/feed/index.html]
[elmirapump.com/index.php/wp-json/oembed/1.0/embedd9c1]
[elmirapump.com/wp-content/uploads/2014/12/Pump12.png]
[elmirapump.com/wp-content/uploads/2014/12/pumptop.png]
[elmirapump.com/wp-content/uploads/2014/12/Housing.png]
[elmirapump.com/wp-content/uploads/2014/12/EPFlowChart.jpg]
[elmirapump.com/wp-content/uploads/2014/12/PumpTable.jpg]
[elmirapump.com/index.php/ef-centrifugal-pumps/index.html]
[elmirapump.com/wp-content/plugins/et-shortcodes/js/et_shortcodes_frontend6aec.js]
[elmirapump.com/index.php/wp-json/oembed/1.0/embed9be1.json]
[elmirapump.com/index.php/champion-pump/feed/index.html]
[elmirapump.com/index.php/wp-json/oembed/1.0/embed646a]
[elmirapump.com/wp-content/uploads/2016/05/Champion-Pump.png]
[elmirapump.com/wp-content/uploads/2016/05/Untitled.png]
[elmirapump.com/wp-content/uploads/2016/05/flowrate2.png]
[elmirapump.com/wp-content/uploads/2016/05/max-rate.png]
[elmirapump.com/wp-content/uploads/2016/05/full-rate.png]
[elmirapump.com/index.php/champion-pump/index.html]
[elmirapump.com/wp-content/uploads/2016/05/Dim.jpg]
[elmirapump.com/index.php/wp-json/oembed/1.0/embedc6c7.json]
[elmirapump.com/index.php/filter-press/feed/index.html]
[elmirapump.com/index.php/wp-json/oembed/1.0/embed280b]
[elmirapump.com/wp-content/uploads/2014/12/DSC04689.jpg]
[elmirapump.com/wp-content/uploads/2014/12/filterfrontEPC1.png]
[elmirapump.com/wp-content/uploads/2014/12/filterfrontepc2.png]
[elmirapump.com/wp-content/uploads/2014/12/filterback.png]
[elmirapump.com/wp-content/uploads/2014/12/filterGague.png]
[elmirapump.com/wp-content/uploads/2014/12/FilterControls.png]
[elmirapump.com/wp-content/uploads/2014/12/FilterRam.png]
[elmirapump.com/index.php/filter-press/index.html]
[elmirapump.com/index.php/wp-json/oembed/1.0/embed5429.json]
[elmirapump.com/index.php/10-gal-ro-system/feed/index.html]
[elmirapump.com/index.php/wp-json/oembed/1.0/embedf545]
[elmirapump.com/wp-content/uploads/2014/12/10galrofront-453x339.png]
[elmirapump.com/wp-content/uploads/2016/08/10galRobackTubes.png]
[elmirapump.com/wp-content/uploads/2016/08/Bell-Fitler-Panel-Outside.jpg]
[elmirapump.com/index.php/10-gal-ro-system/index.html]
[elmirapump.com/index.php/wp-json/oembed/1.0/embed8738.json]
[elmirapump.com/index.php/belt-filter/feed/index.html]
[elmirapump.com/index.php/wp-json/oembed/1.0/embed4803]
[elmirapump.com/wp-content/uploads/2016/08/Bell-Filter-Back.jpg]
[elmirapump.com/wp-content/uploads/2016/08/Bell-Filter-Side.jpg]
[elmirapump.com/wp-content/uploads/2016/08/Bell-Filter-Panel-Inside.jpg]
[elmirapump.com/wp-content/uploads/2016/08/Bell-Filter-VFD-Standalone-Controller.jpg]
[elmirapump.com/index.php/belt-filter/index.html]
[elmirapump.com/index.php/product-category/pumps/index.html]
[elmirapump.com/wp-content/uploads/2016/06/Flow-Meter-Z-3002T-150x150.jpg]
[elmirapump.com/wp-content/uploads/2016/06/Flow-Meter-Z-3003T-150x150.jpg]
[elmirapump.com/index.php/product-category/pumps/feed/index.html]
[elmirapump.com/wp-content/uploads/2016/06/Flow-Meter-Z-3004T-150x150.jpg]
[elmirapump.com/wp-content/uploads/2016/06/Flow-Meter-Z-300KT3-150x150.jpg]
[elmirapump.com/wp-content/uploads/2016/06/Flow-Meter-Z-300KT4-150x150.jpg]
[elmirapump.com/index.php/product-category/flow-meters/feed/index.html]
[elmirapump.com/wp-content/uploads/2016/06/Flow-Meter-Z-300KT5-150x150.jpg]
[elmirapump.com/wp-content/uploads/2016/06/Flow-Meter-Z-300KT6-150x150.jpg]
[elmirapump.com/wp-content/uploads/2016/06/Flow-Meter-Z-300KT7-150x150.jpg]
[elmirapump.com/wp-content/uploads/2016/06/Flow-Meter-Z-4001-150x150.jpg]
[elmirapump.com/wp-content/uploads/2016/06/Flow-Meter-Z-4002-150x150.jpg]
[elmirapump.com/wp-content/uploads/2016/06/Flow-Meter-Z-4003-150x150.jpg]
[elmirapump.com/wp-content/uploads/2016/06/Flow-Meter-Z-4004-150x150.jpg]
[elmirapump.com/index.php/product-category/flow-meters/index.html]
[elmirapump.com/index.php/product-category/mechanical-seals/index.html]
[elmirapump.com/index.php/product-category/used-product/index.html]
[elmirapump.com/index.php/product-category/bundles/index.html]
[elmirapump.com/index.php/custom-projects-and-product-inquiries/index.html]
[elmirapump.com/index.php/about-elmira-pump-company/index.html]
[elmirapump.com/index.php/wp-json/oembed/1.0/embed260a.json]
[elmirapump.com/index.php/product-category/mechanical-seals/feed/index.html]
[elmirapump.com/index.php/wp-json/oembed/1.0/embed28d5]
[elmirapump.com/index.php/terms-conditions/index.html]
[elmirapump.com/index.php/product-category/used-product/feed/index.html]
[elmirapump.com/index.php/product-category/bundles/feed/index.html]
[elmirapump.com/index.php/product/no-name-brand-filters/index.html]
[elmirapump.com/index.php/terms-conditions/feed/index.html]
[elmirapump.com/index.php/product/champion-pump/index.html]
[elmirapump.com/wp-content/plugins/revslider/rs-plugin/font/revicons90c6.svg]
[elmirapump.com/wp-content/plugins/woocommerce/assets/fonts/star.svg]
[elmirapump.com/wp-content/plugins/woocommerce/assets/fonts/WooCommerce.svg]
[elmirapump.com/wp-content/plugins/woocommerce/assets/images/icons/loader.svg]
[elmirapump.com/wp-content/plugins/woocommerce/assets/images/icons/credit-cards/visa.svg]
[elmirapump.com/wp-content/plugins/woocommerce/assets/images/icons/credit-cards/mastercard.svg]
[elmirapump.com/wp-content/plugins/woocommerce/assets/images/icons/credit-cards/laser.svg]
[elmirapump.com/wp-content/plugins/woocommerce/assets/images/icons/credit-cards/diners.svg]
[elmirapump.com/wp-content/plugins/woocommerce/assets/images/icons/credit-cards/maestro.svg]
[elmirapump.com/wp-content/plugins/woocommerce/assets/images/icons/credit-cards/jcb.svg]
[elmirapump.com/wp-content/plugins/woocommerce/assets/images/icons/credit-cards/amex.svg]
[elmirapump.com/wp-content/plugins/woocommerce/assets/images/icons/credit-cards/discover.svg]
[elmirapump.com/indexae71.html]
[elmirapump.com/index905b.html]
[elmirapump.com/wp-content/plugins/woocommerce/assets/css/prettyPhoto8dc7.css]
[elmirapump.com/indexfded.html]
[elmirapump.com/index.php/product-category/custom-project/index.html]
[elmirapump.com/index.php/product-category/custom-project/feed/index.html]
[elmirapump.com/index.php/product-category/flow-meters/panel/index.html]
[elmirapump.com/index.php/product-category/flow-meters/panel/feed/index.html]
[elmirapump.com/wp-content/uploads/2016/06/Flow-Meter-Z-4005-150x150.jpg]
[elmirapump.com/wp-content/uploads/2016/06/Flow-Meter-Z-4006-150x150.jpg]
[elmirapump.com/index.php/product-category/flow-meters/vertical/feed/index.html]
[elmirapump.com/wp-content/uploads/2016/06/Flow-Meter-Z-4007-150x150.jpg]
[elmirapump.com/wp-content/uploads/2016/06/Flow-Meter-Z-4008-150x150.jpg]
[elmirapump.com/wp-content/uploads/2016/06/Flow-Meter-Z-4009-150x150.jpg]
[elmirapump.com/wp-content/uploads/2016/06/Flow-Meter-Z-5008-150x150.jpg]
[elmirapump.com/wp-content/uploads/2016/06/Flow-Meter-Z-5025-150x150.jpg]
[elmirapump.com/wp-content/uploads/2016/06/Flow-Meter-Z-5032-150x150.jpg]
[elmirapump.com/index.php/product-category/flow-meters/vertical/index.html]
[elmirapump.com/wp-content/uploads/2016/06/BIA-150x150.png]
[elmirapump.com/wp-content/uploads/2016/06/FBD-150x150.png]
[elmirapump.com/wp-content/uploads/2016/06/T1-150x150.png]
[elmirapump.com/wp-content/uploads/2016/06/T10T-150x150.png]
[elmirapump.com/wp-content/uploads/2016/06/T1A-150x150.png]
[elmirapump.com/wp-content/uploads/2016/06/T2-150x150.png]
[elmirapump.com/wp-content/uploads/2016/06/T21-150x150.png]
[elmirapump.com/wp-content/uploads/2016/06/T2100-150x150.png]
[elmirapump.com/wp-content/uploads/2016/06/T502-150x150.png]
[elmirapump.com/wp-content/uploads/2016/06/T6-150x150.png]
[elmirapump.com/index.php/product-category/mechanical-seals/elastomer-bellow-seals/index.html]
[elmirapump.com/wp-content/uploads/2016/06/GLS-1-150x150.png]
[elmirapump.com/wp-content/uploads/2016/06/GLS-2-150x150.png]
[elmirapump.com/wp-content/uploads/2016/06/GLS-3-150x150.png]
[elmirapump.com/wp-content/uploads/2016/06/GLS-4-150x150.png]
[elmirapump.com/index.php/product-category/mechanical-seals/grundfos-seals/index.html]
[elmirapump.com/index.php/product-category/mechanical-seals/elastomer-bellow-seals/feed/index.html]
[elmirapump.com/index.php/product-category/mechanical-seals/metal-seals/index.html]
[elmirapump.com/wp-content/uploads/2016/06/8B1-150x150.png]
[elmirapump.com/wp-content/uploads/2016/06/H7N-150x150.png]
[elmirapump.com/wp-content/uploads/2016/06/HJ92N-150x150.png]
[elmirapump.com/wp-content/uploads/2016/06/M2N-150x150.png]
[elmirapump.com/wp-content/uploads/2016/06/M3-150x150.png]
[elmirapump.com/wp-content/uploads/2016/06/M32-150x150.png]
[elmirapump.com/wp-content/uploads/2016/06/M32N-150x150.png]
[elmirapump.com/wp-content/uploads/2016/06/M37-150x150.png]
[elmirapump.com/index.php/product-category/mechanical-seals/o-ring-seals/index.html]
[elmirapump.com/wp-content/uploads/2016/06/9B-150x150.png]
[elmirapump.com/wp-content/uploads/2016/06/9T-150x150.png]
[elmirapump.com/index.php/product-category/mechanical-seals/ptfe-seals/index.html]
[elmirapump.com/index.php/product-category/used-product/pumps-used-produi/index.html]
[elmirapump.com/index.php/product-category/mechanical-seals/grundfos-seals/feed/index.html]
[elmirapump.com/wp-includes/fonts/dashicons.eot]
[elmirapump.com/wp-includes/css/dashicons.mine100.css]
[elmirapump.com/wp-content/plugins/xo10-woocommerce-categories-widget/includes/decorators/assets/accordion-plaine100.css]
[elmirapump.com/index.php/product-category/mechanical-seals/metal-seals/feed/index.html]
[elmirapump.com/index.php/product-category/mechanical-seals/o-ring-seals/feed/index.html]
[elmirapump.com/index.php/wp-json/oembed/1.0/embed0235.json]
[elmirapump.com/index.php/wp-json/oembed/1.0/embedbf02]
[elmirapump.com/wp-content/uploads/2016/06/1527.png]
[elmirapump.com/wp-content/uploads/2016/06/1527-Diagram.jpg]
[elmirapump.com/wp-content/uploads/2016/06/1527-Metric.png]
[elmirapump.com/index.php/product/1527/index.html]
[elmirapump.com/index.php/product-category/mechanical-seals/ptfe-seals/feed/index.html]
[elmirapump.com/index.php/wp-json/oembed/1.0/embed0fab.json]
[elmirapump.com/index.php/product-category/used-product/pumps-used-produi/feed/index.html]
[elmirapump.com/index.php/product/1527/feed/index.html]
[elmirapump.com/index.php/product/155/feed/index.html]
[elmirapump.com/index.php/wp-json/oembed/1.0/embede438]
[elmirapump.com/wp-content/uploads/2016/06/155.png]
[elmirapump.com/wp-content/uploads/2016/06/155-Diagram.jpg]
[elmirapump.com/wp-content/uploads/2016/06/155-Metric.png]
[elmirapump.com/index.php/product/155/index.html]
[elmirapump.com/index.php/wp-json/oembed/1.0/embedbbfd.json]
[elmirapump.com/index.php/product/301/feed/index.html]
[elmirapump.com/index.php/wp-json/oembed/1.0/embed56ca]
[elmirapump.com/wp-content/uploads/2016/06/301.png]
[elmirapump.com/wp-content/uploads/2016/06/301-Diagram.jpg]
[elmirapump.com/wp-content/uploads/2016/06/301-Metric.png]
[elmirapump.com/index.php/product/301/index.html]
[elmirapump.com/index.php/wp-json/oembed/1.0/embedb887.json]
[elmirapump.com/index.php/product/560a/feed/index.html]
[elmirapump.com/index.php/wp-json/oembed/1.0/embed5d3f]
[elmirapump.com/wp-content/uploads/2016/06/560A.png]
[elmirapump.com/wp-content/uploads/2016/06/560A-Diagram.jpg]
[elmirapump.com/wp-content/uploads/2016/06/560A-Metric.png]
[elmirapump.com/index.php/product/560a/index.html]
[elmirapump.com/index.php/wp-json/oembed/1.0/embed663c.json]
[elmirapump.com/index.php/product/59b/feed/index.html]
[elmirapump.com/index.php/wp-json/oembed/1.0/embed0eef]
[elmirapump.com/wp-content/uploads/2016/06/59B-Diagram.jpg]
[elmirapump.com/wp-content/uploads/2016/06/59B-Metric.png]
[elmirapump.com/index.php/product/59b/index.html]
[elmirapump.com/index.php/wp-json/oembed/1.0/embedaf85.json]
[elmirapump.com/index.php/product/59u/feed/index.html]
[elmirapump.com/index.php/wp-json/oembed/1.0/embedfabb]
[elmirapump.com/wp-content/uploads/2016/06/59U.png]
[elmirapump.com/wp-content/uploads/2016/06/59U-Diagram.jpg]
[elmirapump.com/wp-content/uploads/2016/06/59U-Metric.png]
[elmirapump.com/index.php/product/59u/index.html]
[elmirapump.com/index.php/wp-json/oembed/1.0/embed0edb.json]
[elmirapump.com/index.php/product/685/feed/index.html]
[elmirapump.com/index.php/wp-json/oembed/1.0/embedd656]
[elmirapump.com/wp-content/uploads/2016/06/685.png]
[elmirapump.com/wp-content/uploads/2016/06/685-Diagram.jpg]
[elmirapump.com/wp-content/uploads/2016/06/685-Metric.png]
[elmirapump.com/index.php/product/685/index.html]
[elmirapump.com/index.php/wp-json/oembed/1.0/embedc3d5.json]
[elmirapump.com/index.php/product/686/feed/index.html]
[elmirapump.com/index.php/wp-json/oembed/1.0/embed6438]
[elmirapump.com/wp-content/uploads/2016/06/686-Diagram.jpg]
[elmirapump.com/wp-content/uploads/2016/06/686-Metric.png]
[elmirapump.com/index.php/product/686/index.html]
[elmirapump.com/index.php/wp-json/oembed/1.0/embed7f85.json]
[elmirapump.com/index.php/product/687/feed/index.html]
[elmirapump.com/index.php/wp-json/oembed/1.0/embed3cbb]
[elmirapump.com/wp-content/uploads/2016/06/687.png]
[elmirapump.com/wp-content/uploads/2016/06/687-Diagram.jpg]
[elmirapump.com/wp-content/uploads/2016/06/687-Metric.png]
[elmirapump.com/index.php/product/687/index.html]
[elmirapump.com/index.php/wp-json/oembed/1.0/embedf667.json]
[elmirapump.com/index.php/product/688/feed/index.html]
[elmirapump.com/index.php/wp-json/oembed/1.0/embedc935]
[elmirapump.com/wp-content/uploads/2016/06/688.png]
[elmirapump.com/wp-content/uploads/2016/06/688-Diagram.jpg]
[elmirapump.com/wp-content/uploads/2016/06/688-Metric.png]
[elmirapump.com/index.php/product/688/index.html]
[elmirapump.com/index.php/wp-json/oembed/1.0/embed7bcf.json]
[elmirapump.com/index.php/product/8-1/feed/index.html]
[elmirapump.com/index.php/wp-json/oembed/1.0/embeda3d1]
[elmirapump.com/wp-content/uploads/2016/06/8-1.png]
[elmirapump.com/wp-content/uploads/2016/06/8-1-Diagram.jpg]
[elmirapump.com/wp-content/uploads/2016/06/8-1-Metric.png]
[elmirapump.com/index.php/product/8-1/index.html]
[elmirapump.com/index.php/product/8-1t/feed/index.html]
[elmirapump.com/index.php/wp-json/oembed/1.0/embed700f.json]
[elmirapump.com/index.php/wp-json/oembed/1.0/embedf9bf]
[elmirapump.com/wp-content/uploads/2016/06/8-1T.png]
[elmirapump.com/wp-content/uploads/2016/06/8-1T-Diagram.jpg]
[elmirapump.com/wp-content/uploads/2016/06/8-1T-Metric.png]
[elmirapump.com/index.php/product/8-1t/index.html]
[elmirapump.com/index.php/shop/page/2/index.html]
[elmirapump.com/index.php/shop/page/3/index.html]
[elmirapump.com/wp-content/uploads/2016/06/Flow-Meter-Z-5050-150x150.jpg]
[elmirapump.com/wp-content/uploads/2016/06/Flow-Meter-Z-5065-150x150.jpg]
[elmirapump.com/index.php/shop/page/4/index.html]
[elmirapump.com/wp-content/uploads/2016/06/M74D-150x150.png]
[elmirapump.com/wp-content/uploads/2016/06/M7N-150x150.png]
[elmirapump.com/index.php/shop/page/5/index.html]
[elmirapump.com/wp-content/uploads/2016/06/T9-150x150.png]
[elmirapump.com/wp-content/uploads/2016/06/TMG1-150x150.png]
[elmirapump.com/wp-content/uploads/2016/06/TMG912-150x150.png]
[elmirapump.com/wp-content/uploads/2016/06/WBS-150x150.png]
[elmirapump.com/index.php/shop/page/6/index.html]
[elmirapump.com/index64b4.html]
[elmirapump.com/wp-content/plugins/woocommerce/assets/images/select2.png]
[elmirapump.com/wp-content/plugins/woocommerce/assets/images/select2-spinner.gif]
[elmirapump.com/wp-content/plugins/woocommerce/assets/images/select2x2.png]
[elmirapump.com/wp-content/plugins/woocommerce/assets/css/select28dc7.css]
[elmirapump.com/index678b.html]
[elmirapump.com/wp-content/plugins/woocommerce/assets/js/frontend/lost-password.min8dc7.js]
[elmirapump.com/index.php/my-account/lost-password/index.html]
[elmirapump.com/index2cf9.html]
[elmirapump.com/index9222.html]
[elmirapump.com/index.php/author/robertg/index.html]
[elmirapump.com/index.php/category/portfoiopics/index.html]
[elmirapump.com/index6b92.html]
[elmirapump.com/index.php/author/elmirauser/index.html]
[elmirapump.com/index9f0a.html]
[elmirapump.com/indexa36b.html]
[elmirapump.com/indexbbbf.html]
[elmirapump.com/index.php/author/robertg/feed/index.html]
[elmirapump.com/index.php/wp-json/oembed/1.0/embedf73d.json]
[elmirapump.com/index.php/category/portfoiopics/feed/index.html]
[elmirapump.com/index.php/author/elmirauser/feed/index.html]
[elmirapump.com/index.php/wp-json/oembed/1.0/embedd291]
[elmirapump.com/wp-content/uploads/2016/06/Flow-Meter-Z-3002T.jpg]
[elmirapump.com/wp-content/uploads/2016/06/Flow-Meter-Z-3002T-300x300.jpg]
[elmirapump.com/index.php/product/flow-meter-z-3002t/index.html]
[elmirapump.com/index.php/wp-json/oembed/1.0/embedf9d5.json]
[elmirapump.com/index.php/product/flow-meter-z-3003t/feed/index.html]
[elmirapump.com/index.php/wp-json/oembed/1.0/embed0831]
[elmirapump.com/wp-content/uploads/2016/06/Flow-Meter-Z-3003T.jpg]
[elmirapump.com/wp-content/uploads/2016/06/Flow-Meter-Z-3003T-300x300.jpg]
[elmirapump.com/index.php/product/flow-meter-z-3003t/index.html]
[elmirapump.com/index.php/wp-json/oembed/1.0/embedb7f0.json]
[elmirapump.com/index.php/product/flow-meter-z-3004t/feed/index.html]
[elmirapump.com/index.php/wp-json/oembed/1.0/embed78c7]
[elmirapump.com/wp-content/uploads/2016/06/Flow-Meter-Z-3004T.jpg]
[elmirapump.com/wp-content/uploads/2016/06/Flow-Meter-Z-3004T-300x300.jpg]
[elmirapump.com/index.php/product/flow-meter-z-3004t/index.html]
[elmirapump.com/index.php/wp-json/oembed/1.0/embed66b2.json]
[elmirapump.com/index.php/product/flow-meter-z-300kt3/feed/index.html]
[elmirapump.com/index.php/wp-json/oembed/1.0/embede65c]
[elmirapump.com/wp-content/uploads/2016/06/Flow-Meter-Z-300KT3.jpg]
[elmirapump.com/wp-content/uploads/2016/06/Flow-Meter-Z-300KT3-300x300.jpg]
[elmirapump.com/index.php/product/flow-meter-z-300kt3/index.html]
[elmirapump.com/index.php/wp-json/oembed/1.0/embed235a.json]
[elmirapump.com/index.php/product/flow-meter-z-300kt4/feed/index.html]
[elmirapump.com/index.php/wp-json/oembed/1.0/embed8f8a]
[elmirapump.com/index.php/product/flow-meter-z-300kt4/index.html]
[elmirapump.com/wp-content/uploads/2016/06/Flow-Meter-Z-300KT4-300x300.jpg]
[elmirapump.com/index.php/wp-json/oembed/1.0/embed4783.json]
[elmirapump.com/index.php/product/flow-meter-z-300kt5/feed/index.html]
[elmirapump.com/index.php/wp-json/oembed/1.0/embed4321]
[elmirapump.com/wp-content/uploads/2016/06/Flow-Meter-Z-300KT5.jpg]
[elmirapump.com/wp-content/uploads/2016/06/Flow-Meter-Z-300KT5-300x300.jpg]
[elmirapump.com/index.php/product/flow-meter-z-300kt5/index.html]
[elmirapump.com/index.php/product/flow-meter-z-300kt6/feed/index.html]
[elmirapump.com/index.php/wp-json/oembed/1.0/embedc4cf.json]
[elmirapump.com/index.php/wp-json/oembed/1.0/embed0548]
[elmirapump.com/wp-content/uploads/2016/06/Flow-Meter-Z-300KT6.jpg]
[elmirapump.com/wp-content/uploads/2016/06/Flow-Meter-Z-300KT6-300x300.jpg]
[elmirapump.com/index.php/product/flow-meter-z-300kt6/index.html]
[elmirapump.com/index.php/wp-json/oembed/1.0/embed8483.json]
[elmirapump.com/index.php/product/flow-meter-z-300kt7/feed/index.html]
[elmirapump.com/index.php/wp-json/oembed/1.0/embeda434]
[elmirapump.com/wp-content/uploads/2016/06/Flow-Meter-Z-300KT7.jpg]
[elmirapump.com/wp-content/uploads/2016/06/Flow-Meter-Z-300KT7-300x300.jpg]
[elmirapump.com/index.php/product/flow-meter-z-300kt7/index.html]
[elmirapump.com/index.php/wp-json/oembed/1.0/embedddb7.json]
[elmirapump.com/index.php/product/flow-meter-z-4001/feed/index.html]
[elmirapump.com/index.php/wp-json/oembed/1.0/embeddb42]
[elmirapump.com/wp-content/uploads/2016/06/Flow-Meter-Z-4001.jpg]
[elmirapump.com/wp-content/uploads/2016/06/Flow-Meter-Z-4001-300x300.jpg]
[elmirapump.com/index.php/product/flow-meter-z-4001/index.html]
[elmirapump.com/index.php/wp-json/oembed/1.0/embedf9c2.json]
[elmirapump.com/index.php/product/flow-meter-z-4002/feed/index.html]
[elmirapump.com/index.php/wp-json/oembed/1.0/embedf207]
[elmirapump.com/wp-content/uploads/2016/06/Flow-Meter-Z-4002.jpg]
[elmirapump.com/wp-content/uploads/2016/06/Flow-Meter-Z-4002-300x300.jpg]
[elmirapump.com/index.php/product/flow-meter-z-4002/index.html]
[elmirapump.com/index.php/wp-json/oembed/1.0/embed2760.json]
[elmirapump.com/index.php/product/flow-meter-z-4003/feed/index.html]
[elmirapump.com/index.php/wp-json/oembed/1.0/embed2e74]
[elmirapump.com/wp-content/uploads/2016/06/Flow-Meter-Z-4003.jpg]
[elmirapump.com/wp-content/uploads/2016/06/Flow-Meter-Z-4003-300x300.jpg]
[elmirapump.com/index.php/product/flow-meter-z-4003/index.html]
[elmirapump.com/index.php/product/flow-meter-z-4004/feed/index.html]
[elmirapump.com/index.php/wp-json/oembed/1.0/embed1992.json]
[elmirapump.com/index.php/wp-json/oembed/1.0/embed8ebb]
[elmirapump.com/wp-content/uploads/2016/06/Flow-Meter-Z-4004.jpg]
[elmirapump.com/wp-content/uploads/2016/06/Flow-Meter-Z-4004-300x300.jpg]
[elmirapump.com/index.php/product/flow-meter-z-4004/index.html]
[elmirapump.com/index.php/product-category/flow-meters/page/2/index.html]
[elmirapump.com/index.php/product-category/mechanical-seals/page/2/index.html]
[elmirapump.com/index.php/product-category/mechanical-seals/page/3/index.html]
[elmirapump.com/index.php/product-category/mechanical-seals/page/4/index.html]
[elmirapump.com/index30a5.html]
[elmirapump.com/index.php/product/flow-meter-z-4005/feed/index.html]
[elmirapump.com/index.php/wp-json/oembed/1.0/embed7ad4.json]
[elmirapump.com/index.php/wp-json/oembed/1.0/embed1d05]
[elmirapump.com/wp-content/uploads/2016/06/Flow-Meter-Z-4005.jpg]
[elmirapump.com/wp-content/uploads/2016/06/Flow-Meter-Z-4005-300x300.jpg]
[elmirapump.com/index.php/product/flow-meter-z-4005/index.html]
[elmirapump.com/index.php/wp-json/oembed/1.0/embeda595.json]
[elmirapump.com/index.php/product/flow-meter-z-4006/feed/index.html]
[elmirapump.com/index.php/wp-json/oembed/1.0/embed56e6]
[elmirapump.com/wp-content/uploads/2016/06/Flow-Meter-Z-4006.jpg]
[elmirapump.com/wp-content/uploads/2016/06/Flow-Meter-Z-4006-300x300.jpg]
[elmirapump.com/index.php/product/flow-meter-z-4006/index.html]
[elmirapump.com/index.php/wp-json/oembed/1.0/embed03d9.json]
[elmirapump.com/index.php/product/flow-meter-z-4007/feed/index.html]
[elmirapump.com/index.php/wp-json/oembed/1.0/embed2b1e]
[elmirapump.com/wp-content/uploads/2016/06/Flow-Meter-Z-4007.jpg]
[elmirapump.com/wp-content/uploads/2016/06/Flow-Meter-Z-4007-300x300.jpg]
[elmirapump.com/index.php/product/flow-meter-z-4007/index.html]
[elmirapump.com/index.php/wp-json/oembed/1.0/embedf7f9.json]
[elmirapump.com/index.php/product/flow-meter-z-4008/feed/index.html]
[elmirapump.com/index.php/wp-json/oembed/1.0/embedf245]
[elmirapump.com/index.php/product/flow-meter-z-4008/index.html]
[elmirapump.com/wp-content/uploads/2016/06/Flow-Meter-Z-4008-300x300.jpg]
[elmirapump.com/index.php/wp-json/oembed/1.0/embedd87d.json]
[elmirapump.com/index.php/product/flow-meter-z-4009/feed/index.html]
[elmirapump.com/index.php/wp-json/oembed/1.0/embedc294]
[elmirapump.com/wp-content/uploads/2016/06/Flow-Meter-Z-4009.jpg]
[elmirapump.com/wp-content/uploads/2016/06/Flow-Meter-Z-4009-300x300.jpg]
[elmirapump.com/index.php/product/flow-meter-z-4009/index.html]
[elmirapump.com/index.php/wp-json/oembed/1.0/embed0e83.json]
[elmirapump.com/index.php/product/flow-meter-z-5008/feed/index.html]
[elmirapump.com/index.php/wp-json/oembed/1.0/embed2ff5]
[elmirapump.com/wp-content/uploads/2016/06/Flow-Meter-Z-5008.jpg]
[elmirapump.com/wp-content/uploads/2016/06/Flow-Meter-Z-5008-300x300.jpg]
[elmirapump.com/index.php/product/flow-meter-z-5008/index.html]
[elmirapump.com/index.php/wp-json/oembed/1.0/embedd1d5.json]
[elmirapump.com/index.php/product/flow-meter-z-5025/feed/index.html]
[elmirapump.com/index.php/wp-json/oembed/1.0/embed31b4]
[elmirapump.com/wp-content/uploads/2016/06/Flow-Meter-Z-5025.jpg]
[elmirapump.com/wp-content/uploads/2016/06/Flow-Meter-Z-5025-300x300.jpg]
[elmirapump.com/index.php/product/flow-meter-z-5025/index.html]
[elmirapump.com/index.php/wp-json/oembed/1.0/embed62aa.json]
[elmirapump.com/index.php/product/flow-meter-z-5032/feed/index.html]
[elmirapump.com/index.php/wp-json/oembed/1.0/embed7a9f]
[elmirapump.com/wp-content/uploads/2016/06/Flow-Meter-Z-5032.jpg]
[elmirapump.com/index.php/product/flow-meter-z-5032/index.html]
[elmirapump.com/wp-content/uploads/2016/06/Flow-Meter-Z-5032-300x300.jpg]
[elmirapump.com/index.php/product-category/flow-meters/vertical/page/2/index.html]
[elmirapump.com/index.php/wp-json/oembed/1.0/embed9f80.json]
[elmirapump.com/index.php/product/bia/feed/index.html]
[elmirapump.com/index.php/wp-json/oembed/1.0/embedd64a]
[elmirapump.com/wp-content/uploads/2016/06/BIA.png]
[elmirapump.com/wp-content/uploads/2016/06/BIA-Diagram.jpg]
[elmirapump.com/index.php/product/bia/index.html]
[elmirapump.com/wp-content/uploads/2016/06/BIA-Metric.png]
[elmirapump.com/index.php/wp-json/oembed/1.0/embeda523.json]
[elmirapump.com/index.php/product/fbd/feed/index.html]
[elmirapump.com/index.php/wp-json/oembed/1.0/embed7548]
[elmirapump.com/wp-content/uploads/2016/06/FBD.png]
[elmirapump.com/wp-content/uploads/2016/06/FBD-Diagram.jpg]
[elmirapump.com/wp-content/uploads/2016/06/FBD-Metric.png]
[elmirapump.com/index.php/product/fbd/index.html]
[elmirapump.com/index.php/wp-json/oembed/1.0/embed0ef1.json]
[elmirapump.com/index.php/product/t1/feed/index.html]
[elmirapump.com/index.php/wp-json/oembed/1.0/embede6a2]
[elmirapump.com/wp-content/uploads/2016/06/T1-Diagram.jpg]
[elmirapump.com/wp-content/uploads/2016/06/T1-Metric.png]
[elmirapump.com/wp-includes/js/underscore.min4511.js]
[elmirapump.com/wp-includes/js/wp-util.mine100.js]
[elmirapump.com/wp-content/plugins/woocommerce/assets/js/frontend/add-to-cart-variation.min8dc7.js]
[elmirapump.com/index.php/product/t1/index.html]
[elmirapump.com/index.php/wp-json/oembed/1.0/embed9667.json]
[elmirapump.com/index.php/product/t10t/feed/index.html]
[elmirapump.com/index.php/wp-json/oembed/1.0/embede889]
[elmirapump.com/wp-content/uploads/2016/06/T10T.png]
[elmirapump.com/wp-content/uploads/2016/06/T10T-Diagram.jpg]
[elmirapump.com/index.php/product/t10t/index.html]
[elmirapump.com/wp-content/uploads/2016/06/T10T-Metric.png]
[elmirapump.com/index.php/wp-json/oembed/1.0/embed8850.json]
[elmirapump.com/index.php/product/t1a/feed/index.html]
[elmirapump.com/index.php/wp-json/oembed/1.0/embed2292]
[elmirapump.com/wp-content/uploads/2016/06/T1A.png]
[elmirapump.com/wp-content/uploads/2016/06/T1A-Diagram.jpg]
[elmirapump.com/wp-content/uploads/2016/06/T1A-Metric.png]
[elmirapump.com/index.php/product/t1a/index.html]
[elmirapump.com/index.php/wp-json/oembed/1.0/embeda1c2.json]
[elmirapump.com/index.php/product/t2/feed/index.html]
[elmirapump.com/index.php/wp-json/oembed/1.0/embed8625]
[elmirapump.com/wp-content/uploads/2016/06/T2.png]
[elmirapump.com/wp-content/uploads/2016/06/T2-Diagram.jpg]
[elmirapump.com/wp-content/uploads/2016/06/T2-Metric.png]
[elmirapump.com/index.php/product/t2/index.html]
[elmirapump.com/index.php/product/t21/feed/index.html]
[elmirapump.com/index.php/wp-json/oembed/1.0/embedd801.json]
[elmirapump.com/index.php/wp-json/oembed/1.0/embed841d]
[elmirapump.com/wp-content/uploads/2016/06/T21.png]
[elmirapump.com/wp-content/uploads/2016/06/T21-Diagram.jpg]
[elmirapump.com/wp-content/uploads/2016/06/T21-Metric.png]
[elmirapump.com/index.php/product/t21/index.html]
[elmirapump.com/index.php/wp-json/oembed/1.0/embede065.json]
[elmirapump.com/index.php/product/t2100/feed/index.html]
[elmirapump.com/index.php/wp-json/oembed/1.0/embedfb06]
[elmirapump.com/wp-content/uploads/2016/06/T2100-Diagram.jpg]
[elmirapump.com/wp-content/uploads/2016/06/T2100-Metric.png]
[elmirapump.com/index.php/product/t2100/index.html]
[elmirapump.com/index.php/wp-json/oembed/1.0/embed6a95.json]
[elmirapump.com/index.php/product/t502/feed/index.html]
[elmirapump.com/index.php/wp-json/oembed/1.0/embedba95]
[elmirapump.com/wp-content/uploads/2016/06/T502.png]
[elmirapump.com/wp-content/uploads/2016/06/T502-Diagram.jpg]
[elmirapump.com/index.php/product/t502/index.html]
[elmirapump.com/wp-content/uploads/2016/06/T502-Metric.png]
[elmirapump.com/index.php/wp-json/oembed/1.0/embed61c9.json]
[elmirapump.com/index.php/product/t6/feed/index.html]
[elmirapump.com/index.php/wp-json/oembed/1.0/embed7ab2]
[elmirapump.com/wp-content/uploads/2016/06/T6.png]
[elmirapump.com/wp-content/uploads/2016/06/T6-Diagram.jpg]
[elmirapump.com/wp-content/uploads/2016/06/T6-Metric.png]
[elmirapump.com/index.php/product/t6/index.html]
[elmirapump.com/index.php/product-category/mechanical-seals/elastomer-bellow-seals/page/2/index.html]
[elmirapump.com/index.php/wp-json/oembed/1.0/embedd81a.json]
[elmirapump.com/index.php/product/gls-1/feed/index.html]
[elmirapump.com/index.php/wp-json/oembed/1.0/embedbd4b]
[elmirapump.com/wp-content/uploads/2016/06/GLS-1.png]
[elmirapump.com/wp-content/uploads/2016/06/GLS-1-Diagram.jpg]
[elmirapump.com/index.php/product/gls-1/index.html]
[elmirapump.com/index.php/wp-json/oembed/1.0/embed3d8c.json]
[elmirapump.com/index.php/product/gls-2/feed/index.html]
[elmirapump.com/index.php/wp-json/oembed/1.0/embed5381]
[elmirapump.com/wp-content/uploads/2016/06/GLS-2.png]
[elmirapump.com/wp-content/uploads/2016/06/GLS-2-Diagram.jpg]
[elmirapump.com/index.php/product/gls-2/index.html]
[elmirapump.com/index.php/wp-json/oembed/1.0/embed2ff1.json]
[elmirapump.com/index.php/product/gls-3/feed/index.html]
[elmirapump.com/index.php/wp-json/oembed/1.0/embed8de0]
[elmirapump.com/index.php/product/gls-3/index.html]
[elmirapump.com/wp-content/uploads/2016/06/GLS-3-Diagram.jpg]
[elmirapump.com/index.php/wp-json/oembed/1.0/embed3b1f.json]
[elmirapump.com/index.php/product/gls-4/feed/index.html]
[elmirapump.com/index.php/wp-json/oembed/1.0/embedb760]
[elmirapump.com/wp-content/uploads/2016/06/GLS-4.png]
[elmirapump.com/wp-content/uploads/2016/06/GLS-4-Diagram.jpg]
[elmirapump.com/index.php/product/gls-4/index.html]
[elmirapump.com/index.php/wp-json/oembed/1.0/embed6a4d.json]
[elmirapump.com/index.php/product/8b1/feed/index.html]
[elmirapump.com/index.php/wp-json/oembed/1.0/embed2ac5]
[elmirapump.com/wp-content/uploads/2016/06/8B1.png]
[elmirapump.com/wp-content/uploads/2016/06/8B1-Diagram.jpg]
[elmirapump.com/wp-content/uploads/2016/06/8B1-Metric.png]
[elmirapump.com/index.php/product/8b1/index.html]
[elmirapump.com/index.php/wp-json/oembed/1.0/embedeb79.json]
[elmirapump.com/index.php/product/h7n/feed/index.html]
[elmirapump.com/index.php/wp-json/oembed/1.0/embed4997]
[elmirapump.com/wp-content/uploads/2016/06/H7N.png]
[elmirapump.com/wp-content/uploads/2016/06/H7N-Diagram.jpg]
[elmirapump.com/wp-content/uploads/2016/06/H7N-Metric.png]
[elmirapump.com/index.php/product/h7n/index.html]
[elmirapump.com/index.php/product/hj92n/feed/index.html]
[elmirapump.com/index.php/wp-json/oembed/1.0/embed415e.json]
[elmirapump.com/index.php/wp-json/oembed/1.0/embed654c]
[elmirapump.com/wp-content/uploads/2016/06/HJ92N-Diagram.jpg]
[elmirapump.com/wp-content/uploads/2016/06/HJ92N-Metric.png]
[elmirapump.com/index.php/product/hj92n/index.html]
[elmirapump.com/index.php/wp-json/oembed/1.0/embed6547.json]
[elmirapump.com/index.php/product/m2n/feed/index.html]
[elmirapump.com/index.php/wp-json/oembed/1.0/embeda081]
[elmirapump.com/wp-content/uploads/2016/06/M2N.png]
[elmirapump.com/wp-content/uploads/2016/06/M2N-Diagram.jpg]
[elmirapump.com/wp-content/uploads/2016/06/M2N-Metric.png]
[elmirapump.com/index.php/product/m2n/index.html]
[elmirapump.com/index.php/wp-json/oembed/1.0/embed93f2.json]
[elmirapump.com/index.php/product/m3/feed/index.html]
[elmirapump.com/index.php/wp-json/oembed/1.0/embed3951]
[elmirapump.com/wp-content/uploads/2016/06/M3.png]
[elmirapump.com/wp-content/uploads/2016/06/M3-Diagram.jpg]
[elmirapump.com/index.php/product/m3/index.html]
[elmirapump.com/wp-content/uploads/2016/06/M3-Metric.png]
[elmirapump.com/index.php/wp-json/oembed/1.0/embed87f2.json]
[elmirapump.com/index.php/product/m32/feed/index.html]
[elmirapump.com/index.php/wp-json/oembed/1.0/embedcb41]
[elmirapump.com/wp-content/uploads/2016/06/M32.png]
[elmirapump.com/wp-content/uploads/2016/06/M32-Diagram.jpg]
[elmirapump.com/wp-content/uploads/2016/06/M32-Metric.png]
[elmirapump.com/index.php/product/m32/index.html]
[elmirapump.com/index.php/wp-json/oembed/1.0/embed905c.json]
[elmirapump.com/index.php/product/m32n/feed/index.html]
[elmirapump.com/index.php/wp-json/oembed/1.0/embed9a7d]
[elmirapump.com/wp-content/uploads/2016/06/M32N.png]
[elmirapump.com/wp-content/uploads/2016/06/M32N-Diagram.jpg]
[elmirapump.com/wp-content/uploads/2016/06/M32N-Metric.png]
[elmirapump.com/index.php/product/m32n/index.html]
[elmirapump.com/index.php/wp-json/oembed/1.0/embede049.json]
[elmirapump.com/index.php/product/m37/feed/index.html]
[elmirapump.com/index.php/wp-json/oembed/1.0/embed4e9a]
[elmirapump.com/wp-content/uploads/2016/06/M37.png]
[elmirapump.com/wp-content/uploads/2016/06/M37-Diagram.jpg]
[elmirapump.com/index.php/product/m37/index.html]
[elmirapump.com/wp-content/uploads/2016/06/M37-Metric.png]
[elmirapump.com/index.php/product-category/mechanical-seals/o-ring-seals/page/2/index.html]
[elmirapump.com/index.php/wp-json/oembed/1.0/embedebe9.json]
[elmirapump.com/index.php/wp-json/oembed/1.0/embed7ed5]
[elmirapump.com/wp-content/uploads/2016/06/9B.png]
[elmirapump.com/wp-content/uploads/2016/06/9B-Diagram.jpg]
[elmirapump.com/wp-content/uploads/2016/06/9B-Metric.png]
[elmirapump.com/index.php/product/9b/index.html]
[elmirapump.com/index.php/wp-json/oembed/1.0/embedf075.json]
[elmirapump.com/index.php/product/9t/feed/index.html]
[elmirapump.com/index.php/wp-json/oembed/1.0/embedab20]
[elmirapump.com/wp-content/uploads/2016/06/9T.png]
[elmirapump.com/wp-content/uploads/2016/06/9T-Diagram.jpg]
[elmirapump.com/wp-content/uploads/2016/06/9T-Metric.png]
[elmirapump.com/index.php/product/9t/index.html]
[elmirapump.com/indexd52c.html]
[elmirapump.com/index767a.html]
[elmirapump.com/index6087.html]
[elmirapump.com/index7b0e.html]
[elmirapump.com/index8374.html]
[elmirapump.com/index030b.html]
[elmirapump.com/index2553.html]
[elmirapump.com/indexc9c1.html]
[elmirapump.com/indexe712.html]
[elmirapump.com/index7d08.html]
[elmirapump.com/index8631.html]
[elmirapump.com/indexaa11.html]
[elmirapump.com/index.php/shop/page/1/index.html]
[elmirapump.com/index.php/wp-json/oembed/1.0/embed42af.json]
[elmirapump.com/index.php/product/flow-meter-z-5050/feed/index.html]
[elmirapump.com/index.php/wp-json/oembed/1.0/embedc356]
[elmirapump.com/wp-content/uploads/2016/06/Flow-Meter-Z-5050.jpg]
[elmirapump.com/wp-content/uploads/2016/06/Flow-Meter-Z-5050-300x300.jpg]
[elmirapump.com/index.php/product/flow-meter-z-5050/index.html]
[elmirapump.com/index.php/wp-json/oembed/1.0/embed3d5a.json]
[elmirapump.com/index.php/product/flow-meter-z-5065/feed/index.html]
[elmirapump.com/index.php/wp-json/oembed/1.0/embed5f0a]
[elmirapump.com/index.php/product/flow-meter-z-5065/index.html]
[elmirapump.com/wp-content/uploads/2016/06/Flow-Meter-Z-5065-300x300.jpg]
[elmirapump.com/index.php/wp-json/oembed/1.0/embed6b08.json]
[elmirapump.com/index.php/product/m74d/feed/index.html]
[elmirapump.com/index.php/wp-json/oembed/1.0/embed507c]
[elmirapump.com/wp-content/uploads/2016/06/M74D.png]
[elmirapump.com/wp-content/uploads/2016/06/M74D-Diagram.jpg]
[elmirapump.com/wp-content/uploads/2016/06/M74D-Metric.png]
[elmirapump.com/index.php/product/m74d/index.html]
[elmirapump.com/index.php/wp-json/oembed/1.0/embed2916.json]
[elmirapump.com/index.php/product/m7n/feed/index.html]
[elmirapump.com/index.php/wp-json/oembed/1.0/embed6bfb]
[elmirapump.com/wp-content/uploads/2016/06/M7N.png]
[elmirapump.com/wp-content/uploads/2016/06/M7N-Diagram.jpg]
[elmirapump.com/index.php/product/m7n/index.html]
[elmirapump.com/wp-content/uploads/2016/06/M7N-Metric.png]
[elmirapump.com/index.php/wp-json/oembed/1.0/embeda1f1.json]
[elmirapump.com/index.php/product/t9/feed/index.html]
[elmirapump.com/index.php/wp-json/oembed/1.0/embed487e]
[elmirapump.com/wp-content/uploads/2016/06/T9.png]
[elmirapump.com/wp-content/uploads/2016/06/T9-Diagram.jpg]
[elmirapump.com/wp-content/uploads/2016/06/T9-Metric.png]
[elmirapump.com/index.php/product/t9/index.html]
[elmirapump.com/index.php/wp-json/oembed/1.0/embedcc66.json]
[elmirapump.com/index.php/product/tmg1/feed/index.html]
[elmirapump.com/index.php/wp-json/oembed/1.0/embedcf73]
[elmirapump.com/wp-content/uploads/2016/06/TMG1.png]
[elmirapump.com/wp-content/uploads/2016/06/TMG1-Diagram.jpg]
[elmirapump.com/wp-content/uploads/2016/06/TMG1-Metric.png]
[elmirapump.com/index.php/product/tmg1/index.html]
[elmirapump.com/index.php/wp-json/oembed/1.0/embed5bcf.json]
[elmirapump.com/index.php/product/tmg912/feed/index.html]
[elmirapump.com/index.php/wp-json/oembed/1.0/embedbc6d]
[elmirapump.com/wp-content/uploads/2016/06/TMG912.png]
[elmirapump.com/wp-content/uploads/2016/06/TMG912-Diagram.jpg]
[elmirapump.com/index.php/product/tmg912/index.html]
[elmirapump.com/wp-content/uploads/2016/06/TMG912-Metric.png]
[elmirapump.com/index.php/product/wb2/feed/index.html]
[elmirapump.com/index.php/wp-json/oembed/1.0/embed579f.json]
[elmirapump.com/index.php/wp-json/oembed/1.0/embed35fb]
[elmirapump.com/wp-content/uploads/2016/06/WBS.png]
[elmirapump.com/wp-content/uploads/2016/06/WB2-Diagram.jpg]
[elmirapump.com/wp-content/uploads/2016/06/WB2-Metric.png]
[elmirapump.com/index.php/product/wb2/index.html]
[elmirapump.com/index1d45.html]
[elmirapump.com/index4c2b.html]
[elmirapump.com/index4f61.html]
[elmirapump.com/index81db.html]
[elmirapump.com/index0ced.html]
[elmirapump.com/indexa42a.html]
[elmirapump.com/indexc535.html]
[elmirapump.com/index63e6.html]
[elmirapump.com/indexca7f.html]
[elmirapump.com/index7aeb.html]
[elmirapump.com/index2b8b.html]
[elmirapump.com/index53ba.html]
[elmirapump.com/index.php/product-category/flow-meters/page/1/index.html]
[elmirapump.com/index.php/product-category/mechanical-seals/page/1/index.html]
[elmirapump.com/index61a9.html]
[elmirapump.com/index568a.html]
[elmirapump.com/indexa351.html]
[elmirapump.com/index4808.html]
[elmirapump.com/index3e9a.html]
[elmirapump.com/indexa9e1.html]
[elmirapump.com/index61f2.html]
[elmirapump.com/index424e.html]
[elmirapump.com/index.php/product-category/flow-meters/vertical/page/1/index.html]
[elmirapump.com/indexf034.html]
[elmirapump.com/indexa26f.html]
[elmirapump.com/index8bcd.html]
[elmirapump.com/index071d.html]
[elmirapump.com/indexc725.html]
[elmirapump.com/indexb0f8.html]
[elmirapump.com/indexc9fb.html]
[elmirapump.com/index4db6.html]
[elmirapump.com/indexb753.html]
[elmirapump.com/indexd1c3.html]
[elmirapump.com/index.php/product-category/mechanical-seals/elastomer-bellow-seals/page/1/index.html]
[elmirapump.com/index47dc.html]
[elmirapump.com/index5d49.html]
[elmirapump.com/indexa818.html]
[elmirapump.com/indexef11.html]
[elmirapump.com/indexc089.html]
[elmirapump.com/index1cc0.html]
[elmirapump.com/indexf425.html]
[elmirapump.com/index197a.html]
[elmirapump.com/index2bcd.html]
[elmirapump.com/indexb1f0.html]
[elmirapump.com/indexfc9a.html]
[elmirapump.com/indexd4f5.html]
[elmirapump.com/index.php/product-category/mechanical-seals/o-ring-seals/page/1/index.html]
[elmirapump.com/indexc128.html]
[elmirapump.com/index54f6.html]
[elmirapump.com/indexbc2b.html]
[elmirapump.com/indexbdc9.html]
[elmirapump.com/index63ba.html]
[elmirapump.com/index2fb6.html]
[elmirapump.com/indexd2ad.html]
[elmirapump.com/index9c09.html]
[elmirapump.com/indexe90e.html]
[elmirapump.com/index7033.html]
